RX [12:05:33.173]: Accel: X=-0.02 Y=0.00 Z=0.99
RX [12:05:33.173]: Gyro: X=-1.53 Y=0.66 Z=0.34
RX [12:05:34.174]: Temp: 32.8C
RX [12:05:34.174]: Accel: X=-0.01 Y=0.00 Z=1.00
RX [12:05:34.174]: Gyro: X=-1.10 Y=0.71 Z=0.40
RX [12:05:34.174]: Temp: 33.2C
RX [12:05:35.173]: Accel: X=-0.01 Y=0.00 Z=0.99
RX [12:05:35.173]: Gyro: X=-1.28 Y=0.61 Z=0.44
RX [12:05:36.172]: Temp: 33.2C
RX [12:05:36.172]: Accel: X=-0.02 Y=0.00 Z=1.00
RX [12:05:36.172]: Gyro: X=-1.41 Y=0.41 Z=0.35
RX [12:05:36.172]: Temp: 32.9C
RX [12:05:37.174]: Accel: X=-0.02 Y=-0.00 Z=0.99
RX [12:05:37.174]: Gyro: X=-1.52 Y=0.61 Z=0.24
RX [12:05:37.174]: Temp: 33.1C
RX [12:05:38.174]: Accel: X=-0.01 Y=0.01 Z=0.99
RX [12:05:38.174]: Gyro: X=-1.27 Y=0.56 Z=0.53
RX [12:05:38.174]: Temp: 33.2C
RX [12:05:39.171]: Accel: X=-0.01 Y=0.00 Z=0.99
RX [12:05:39.171]: Gyro: X=-1.29 Y=0.66 Z=0.25
RX [12:05:39.171]: Temp: 33.1C
RX [12:05:40.171]: Accel: X=-0.02 Y=0.00 Z=0.99
RX [12:05:40.171]: Gyro: X=-1.16 Y=0.54 Z=0.25
RX [12:05:40.171]: Temp: 32.8C
RX [12:05:41.172]: Accel: X=-0.01 Y=0.00 Z=1.00
RX [12:05:41.172]: Gyro: X=-1.34 Y=0.36 Z=0.50
RX [12:05:41.172]: Temp: 33.0C
RX [12:11:33.893]: Accel: X=0.00 Y=0.01 Z=1.01
RX [12:11:33.893]: Gyro: X=-1.18 Y=0.30 Z=0.56
RX [12:11:33.893]: Mag: X=-40.05 Y=42.45 Z=129.60
RX [12:11:33.893]: Temp: 33.8C
RX [12:11:34.891]: Accel: X=0.01 Y=0.01 Z=1.01
RX [12:11:34.891]: Gyro: X=-1.32 Y=0.44 Z=0.21
RX [12:11:34.891]: Mag: X=-38.55 Y=43.95 Z=128.40
RX [12:11:34.891]: Temp: 33.6C
RX [12:11:35.893]: Accel: X=0.00 Y=0.01 Z=1.02
RX [12:11:35.893]: Gyro: X=-1.16 Y=0.32 Z=0.39
RX [12:11:35.893]: Mag: X=-38.55 Y=43.50 Z=128.85
RX [12:11:35.893]: Temp: 33.7C
RX [12:11:36.894]: Accel: X=0.00 Y=0.01 Z=1.02
RX [12:11:36.894]: Gyro: X=-1.03 Y=0.48 Z=0.34
RX [12:11:36.894]: Mag: X=-40.05 Y=44.25 Z=130.65
RX [12:11:36.894]: Temp: 33.7C
RX [12:11:37.890]: Accel: X=-0.01 Y=0.02 Z=1.01
RX [12:11:37.890]: Gyro: X=-1.37 Y=0.85 Z=0.37
RX [12:11:37.890]: Mag: X=-40.95 Y=43.35 Z=130.05
RX [12:11:37.890]: Temp: 33.7C
RX [12:11:38.891]: Accel: X=0.01 Y=-0.02 Z=1.03
RX [12:11:38.891]: Gyro: X=-1.09 Y=0.08 Z=0.05
RX [12:11:38.891]: Mag: X=-39.60 Y=42.00 Z=128.10
RX [12:11:38.891]: Temp: 33.4C
RX [12:11:39.890]: Accel: X=0.01 Y=-0.00 Z=1.01
RX [12:11:39.890]: Gyro: X=-0.90 Y=0.24 Z=0.11
RX [12:11:39.890]: Mag: X=-39.75 Y=43.05 Z=127.95
RX [12:11:39.890]: Temp: 34.0C
RX [12:11:40.893]: Accel: X=-0.00 Y=0.01 Z=1.01
RX [12:11:40.893]: Gyro: X=-1.25 Y=0.38 Z=0.28
RX [12:11:40.893]: Mag: X=-40.20 Y=42.15 Z=128.25
RX [12:11:40.893]: Temp: 33.6C
RX [12:11:41.892]: Accel: X=0.00 Y=0.00 Z=1.01
RX [12:11:41.892]: Gyro: X=-1.34 Y=0.53 Z=0.11
RX [12:11:41.892]: Mag: X=-40.20 Y=43.80 Z=129.75
RX [12:11:41.892]: Temp: 33.6C
RX [12:11:42.892]: Accel: X=0.00 Y=0.00 Z=1.01
RX [12:11:42.892]: Gyro: X=-1.37 Y=0.60 Z=0.64
RX [12:11:42.892]: Mag: X=-39.00 Y=43.80 Z=129.00
RX [12:11:42.892]: Temp: 33.7C
RX [12:11:43.890]: Accel: X=-0.00 Y=0.01 Z=1.01
RX [12:11:43.890]: Gyro: X=-1.34 Y=0.21 Z=0.44
RX [12:11:43.890]: Mag: X=-40.05 Y=43.20 Z=128.40
RX [12:11:43.890]: Temp: 33.6C
RX [12:11:44.890]: Accel: X=-0.00 Y=-0.00 Z=1.02
RX [12:11:44.890]: Gyro: X=-1.57 Y=0.82 Z=0.19
RX [12:11:44.890]: Mag: X=-41.55 Y=43.20 Z=128.85
RX [12:11:44.890]: Temp: 33.6C
RX [12:11:45.887]: Accel: X=0.00 Y=0.01 Z=1.01
RX [12:11:45.893]: Gyro: X=-1.18 Y=0.60 Z=0.43
RX [12:11:45.893]: Mag: X=-41.70 Y=42.60 Z=129.30
RX [12:11:45.893]: Temp: 33.2C
